// Jest Snapshot v1, https://goo.gl/fbAQLP

exports[`correnctly increments the counter 1`] = `
ShallowWrapper {
  "length": 1,
}
`;

exports[`renders without crashing 1`] = `
ShallowWrapper {
  "length": 1,
}
`;
